
> digitable@0.0.0 check
> npm run format && npm run lint && npm run typecheck && npm run test


> digitable@0.0.0 format
> prettier --check .

Checking formatting...
All matched files use Prettier code style!

> digitable@0.0.0 lint
> eslint .


/private/tmp/digitable-ez-base/apps/web/test/playtest/auditHarnessContract.test.ts
  464:42  warning  Missing return type on function  @typescript-eslint/explicit-function-return-type

✖ 1 problem (0 errors, 1 warning)


> digitable@0.0.0 typecheck
> npm run typecheck --workspaces --if-present


> @digitable/contracts@0.0.0 typecheck
> tsc --noEmit -p tsconfig.json


> @digitable/engine@0.0.0 typecheck
> tsc --noEmit -p tsconfig.json


> @digitable/testing@0.0.0 typecheck
> tsc --noEmit -p tsconfig.json


> @digitable/template-eat-the-reich@0.0.0 typecheck
> tsc --noEmit -p tsconfig.json


> @digitable/functions@0.0.0 typecheck
> tsc --noEmit -p tsconfig.json


> @digitable/web@0.0.0 typecheck
> tsc --noEmit -p tsconfig.json


> digitable@0.0.0 test
> vitest run


 RUN  v5.0.0 /private/tmp/digitable-ez-base

--tolerance must be a non-negative number
--min-elements must be a non-negative number
--allow-skip needs a state name (for example join-form)

 Test Files  83 passed | 1 skipped (84)
      Tests  869 passed | 11 todo (880)
   Start at  02:05:19
   Duration  5.15s (tests 51%, environment 20%, setup 12%, transform 9%, import 8%)

    Isolate  84 workers spawned · ~172ms startup each (spawn + environment, per file)
             at least ~1.14s faster with isolate: false — reuses workers across files instead of one per file

