    at warnOnDeactivatedColors (node:internal/tty:112:13)
    at Object.getColorDepth (node:internal/tty:137:9)
    at Object.shouldColorize (node:internal/util/colors:20:32)
    at Object.refresh (node:internal/util/colors:27:24)
    at node:internal/util/colors:51:16
    at BuiltinModule.compileForInternalLoader (node:internal/bootstrap/realm:398:7)
    at requireBuiltin (node:internal/bootstrap/realm:429:14)
    at node:internal/assert/assertion_error:23:16
    at BuiltinModule.compileForInternalLoader (node:internal/bootstrap/realm:398:7)
    at requireBuiltin (node:internal/bootstrap/realm:429:14)
i  emulators: Starting emulators: auth, functions, firestore, database
i  emulators: Detected demo project ID "demo-digitable", emulated services will use a demo configuration and attempts to access non-emulated services for this project will fail.
⚠  emulators: It seems that you are running multiple instances of the emulator suite for project demo-digitable. This may result in unexpected behavior.
i  firestore: Firestore Emulator logging to firestore-debug.log
✔  firestore: Firestore Emulator was started in standard edition.
✔  firestore: Firestore Emulator UI websocket is running on 49081.
i  database: Database Emulator logging to database-debug.log
i  functions: Watching "/private/tmp/digitable-ez-emu/apps/functions" for Cloud Functions...
⚠  functions: Your requested "node" version "22" doesn't match your global version "24". Using node@24 from host.
Serving at port 8045

✔  functions: Loaded functions definitions from source: admitMember, claimSeat, createRoom, recoverSeat, submitRoomCommand.
✔  functions[us-west1-admitMember]: http function initialized (http://127.0.0.1:49001/demo-digitable/us-west1/admitMember).
✔  functions[us-west1-claimSeat]: http function initialized (http://127.0.0.1:49001/demo-digitable/us-west1/claimSeat).
✔  functions[us-west1-createRoom]: http function initialized (http://127.0.0.1:49001/demo-digitable/us-west1/createRoom).
✔  functions[us-west1-recoverSeat]: http function initialized (http://127.0.0.1:49001/demo-digitable/us-west1/recoverSeat).
✔  functions[us-west1-submitRoomCommand]: http function initialized (http://127.0.0.1:49001/demo-digitable/us-west1/submitRoomCommand).
i  Running script: npm run test:emulator --workspaces --if-present

> @digitable/testing@0.0.0 test:emulator
> vitest run --config vitest.emulator.config.ts


 RUN  v5.0.0 /private/tmp/digitable-ez-emu/packages/testing


 Test Files  2 passed (2)
      Tests  18 passed (18)
   Start at  01:47:49
   Duration  2.55s (tests 92%, import 6%, transform 1%)


> @digitable/functions@0.0.0 test:emulator
> vitest run --config vitest.emulator.config.ts


 RUN  v5.0.0 /private/tmp/digitable-ez-emu/apps/functions

(node:42064) MetadataLookupWarning: received unexpected error = All promises were rejected code = ETIMEDOUT, ENOTFOUND
(node:42061) MetadataLookupWarning: received unexpected error = All promises were rejected code = ETIMEDOUT, ENOTFOUND
(node:42063) MetadataLookupWarning: received unexpected error = All promises were rejected code = ETIMEDOUT, ENOTFOUND
(node:42062) MetadataLookupWarning: received unexpected error = All promises were rejected code = ETIMEDOUT, ENOTFOUND

 Test Files  4 passed (4)
      Tests  86 passed (86)
   Start at  01:47:51
   Duration  26.04s (tests 97%, import 2%, transform 1%)


> @digitable/web@0.0.0 test:emulator
> vitest run --config vitest.emulator.config.ts


 RUN  v5.0.0 /private/tmp/digitable-ez-emu/apps/web

i  functions: Beginning execution of "us-west1-createRoom"
>  {"verifications":{"app":"MISSING","auth":"VALID"},"logging.googleapis.com/labels":{"firebase-log-type":"callable-request-verification"},"severity":"DEBUG","message":"Callable request verification passed"}
>  {"function":"createRoom","severity":"WARNING","message":"admission.appCheckMissing"}
i  functions: Finished "us-west1-createRoom" in 108.42575ms
i  functions: Beginning execution of "us-west1-admitMember"
>  {"verifications":{"app":"MISSING","auth":"VALID"},"logging.googleapis.com/labels":{"firebase-log-type":"callable-request-verification"},"severity":"DEBUG","message":"Callable request verification passed"}
>  {"function":"admitMember","severity":"WARNING","message":"admission.appCheckMissing"}
i  functions: Finished "us-west1-admitMember" in 118.488375ms
i  functions: Beginning execution of "us-west1-submitRoomCommand"
>  {"verifications":{"app":"MISSING","auth":"VALID"},"logging.googleapis.com/labels":{"firebase-log-type":"callable-request-verification"},"severity":"DEBUG","message":"Callable request verification passed"}
>  {"function":"submitRoomCommand","severity":"INFO","message":"gameCommand.appCheckMissing"}
>  {"commandId":"d917ad3b-8d3b-4ccb-bcb4-bda0b0194c1d","roomIdHash":"55e5eb0477da928b","status":"accepted","code":"accepted","latencyMs":"71","severity":"INFO","message":"gameCommand.result"}
i  functions: Finished "us-west1-submitRoomCommand" in 76.152209ms
i  functions: Beginning execution of "us-west1-submitRoomCommand"
>  {"verifications":{"app":"MISSING","auth":"VALID"},"logging.googleapis.com/labels":{"firebase-log-type":"callable-request-verification"},"severity":"DEBUG","message":"Callable request verification passed"}
>  {"function":"submitRoomCommand","severity":"INFO","message":"gameCommand.appCheckMissing"}
>  {"commandId":"ef0f4ed1-69c6-4eff-9980-7d8484b34e21","roomIdHash":"55e5eb0477da928b","status":"accepted","code":"accepted","latencyMs":"20","severity":"INFO","message":"gameCommand.result"}
i  functions: Finished "us-west1-submitRoomCommand" in 21.56275ms
i  functions: Beginning execution of "us-west1-submitRoomCommand"
>  {"verifications":{"app":"MISSING","auth":"VALID"},"logging.googleapis.com/labels":{"firebase-log-type":"callable-request-verification"},"severity":"DEBUG","message":"Callable request verification passed"}
>  {"function":"submitRoomCommand","severity":"INFO","message":"gameCommand.appCheckMissing"}
>  {"commandId":"10a8dd63-a37c-439a-8f96-99f92f7c5e64","roomIdHash":"55e5eb0477da928b","status":"accepted","code":"accepted","latencyMs":"17","severity":"INFO","message":"gameCommand.result"}
i  functions: Finished "us-west1-submitRoomCommand" in 18.204083ms
i  functions: Beginning execution of "us-west1-admitMember"
>  {"verifications":{"app":"MISSING","auth":"VALID"},"logging.googleapis.com/labels":{"firebase-log-type":"callable-request-verification"},"severity":"DEBUG","message":"Callable request verification passed"}
>  {"function":"admitMember","severity":"WARNING","message":"admission.appCheckMissing"}
>  {"function":"admitMember","code":"ROOM_NOT_FOUND","severity":"INFO","message":"admission.denied"}
i  functions: Finished "us-west1-admitMember" in 30.790833ms
i  functions: Beginning execution of "us-west1-createRoom"
>  {"verifications":{"app":"MISSING","auth":"VALID"},"logging.googleapis.com/labels":{"firebase-log-type":"callable-request-verification"},"severity":"DEBUG","message":"Callable request verification passed"}
>  {"function":"createRoom","severity":"WARNING","message":"admission.appCheckMissing"}
i  functions: Finished "us-west1-createRoom" in 39.218917ms
i  functions: Beginning execution of "us-west1-admitMember"
>  {"verifications":{"app":"MISSING","auth":"VALID"},"logging.googleapis.com/labels":{"firebase-log-type":"callable-request-verification"},"severity":"DEBUG","message":"Callable request verification passed"}
>  {"function":"admitMember","severity":"WARNING","message":"admission.appCheckMissing"}
i  functions: Finished "us-west1-admitMember" in 53.608083ms
i  functions: Beginning execution of "us-west1-recoverSeat"
>  {"verifications":{"app":"MISSING","auth":"VALID"},"logging.googleapis.com/labels":{"firebase-log-type":"callable-request-verification"},"severity":"DEBUG","message":"Callable request verification passed"}
>  {"function":"recoverSeat","severity":"WARNING","message":"admission.appCheckMissing"}
i  functions: Finished "us-west1-recoverSeat" in 129.403667ms
i  functions: Beginning execution of "us-west1-recoverSeat"
>  {"verifications":{"app":"MISSING","auth":"VALID"},"logging.googleapis.com/labels":{"firebase-log-type":"callable-request-verification"},"severity":"DEBUG","message":"Callable request verification passed"}
>  {"function":"recoverSeat","severity":"WARNING","message":"admission.appCheckMissing"}
>  {"function":"recoverSeat","code":"INVALID_RECOVERY_CODE","severity":"INFO","message":"admission.denied"}
i  functions: Finished "us-west1-recoverSeat" in 70.898ms
i  functions: Beginning execution of "us-west1-createRoom"
>  {"verifications":{"app":"MISSING","auth":"VALID"},"logging.googleapis.com/labels":{"firebase-log-type":"callable-request-verification"},"severity":"DEBUG","message":"Callable request verification passed"}
>  {"function":"createRoom","severity":"WARNING","message":"admission.appCheckMissing"}
i  functions: Finished "us-west1-createRoom" in 47.834042ms

 Test Files  1 passed (1)
      Tests  4 passed (4)
   Start at  01:48:18
   Duration  3.43s (tests 93%, import 3%, transform 3%)

✔  Script exited successfully (code 0)
i  emulators: Shutting down emulators.
i  functions: Stopping Functions Emulator
i  database: Stopping Database Emulator
i  firestore: Stopping Firestore Emulator
i  auth: Stopping Authentication Emulator
i  eventarc: Stopping Eventarc Emulator
i  tasks: Stopping Cloud Tasks Emulator
i  hub: Stopping emulator hub
i  logging: Stopping Logging Emulator
