FAIL anon/route-room-no-such-room-player@phone-small+text200: word broken across lines: h1 "dashboard"
FAIL player/join-reveal@phone-small+text150: button.primary-action "I wrote it down — pick a charact": label squeezed onto 4 lines
FAIL player/join-reveal@phone-small+text200: button.primary-action "I wrote it down — pick a charact": label squeezed onto 4 lines
FAIL player/claim-roster@phone-small: word broken across lines: h1 "character"
FAIL player/claim-roster@phone: word broken across lines: h1 "character"
FAIL player/claim-roster@phone-390: word broken across lines: h1 "character"
FAIL player/claim-roster@phone-412: word broken across lines: h1 "character"
FAIL player/claim-roster@phone-small+text150: word broken across lines: h1 "character"
FAIL player/claim-roster@phone+text150: word broken across lines: h1 "character"
FAIL player/claim-roster@phone-412+text150: word broken across lines: h1 "character"
FAIL player/claim-roster@phone-small+text200: word broken across lines: h1 "character"
FAIL player/claim-roster@phone+text200: word broken across lines: h1 "character"
FAIL player/claim-roster@phone-412+text200: word broken across lines: h1 "character"
FAIL player/compose@phone-small+text200: word broken across lines: h1 "dashboard"
FAIL player/compose-why-open@phone-small+text200: word broken across lines: h1 "dashboard"
FAIL gm/console-scene-loaded@phone-small+text150: word broken across lines: button.secondary-action "simplified"
FAIL gm/console-scene-loaded@phone-small+text200: word broken across lines: button.secondary-action "simplified"
FAIL gm/console-edit-target@phone-small+text150: word broken across lines: button.secondary-action "simplified"
FAIL gm/console-edit-target@phone-small+text200: word broken across lines: button.secondary-action "simplified"
FAIL player/declared@phone-small+text200: word broken across lines: h1 "dashboard"
FAIL gm/console-pending@phone-small+text150: word broken across lines: button.secondary-action "simplified"
FAIL gm/console-pending@phone-small+text200: word broken across lines: button.secondary-action "simplified"
FAIL modal-tight-keyboard-phone-667x375-70px-insets: actionsReachableByScrollingSheet failed
FAIL modal-tight-keyboard-phone-667x375-60px-insets: actionsReachableByScrollingSheet failed
FAIL player/allocation@phone-small+text200: word broken across lines: h1 "dashboard"
FAIL player/allocation-assigned@phone-small+text200: word broken across lines: h1 "dashboard"
FAIL player/resolved@phone-small+text200: word broken across lines: h1 "dashboard"
FAIL player/paused@phone-small+text200: word broken across lines: h1 "dashboard"
FAIL gm/console-next-scene@phone-small+text150: word broken across lines: button.secondary-action "simplified"
FAIL gm/console-next-scene@phone-small+text200: word broken across lines: button.secondary-action "simplified"
FAIL player2/compose@phone-small+text200: word broken across lines: h1 "dashboard"
FAIL player3/compose@phone-small+text200: word broken across lines: h1 "dashboard"
FAIL player3/compose@phone-small+text200: word broken across lines: span.option-text "Phantasmagoria"
FAIL player4/compose@phone-small+text200: word broken across lines: h1 "dashboard"
FAIL player5/compose@phone-small+text200: word broken across lines: h1 "dashboard"
FAIL player5/compose@phone-small+text200: word broken across lines: span.option-text "Fragmentation"
FAIL player6/compose@phone-small+text200: word broken across lines: h1 "dashboard"
FAIL gm/console-full-roster@phone-small+text150: word broken across lines: button.secondary-action "simplified"
FAIL gm/console-full-roster@phone-small+text200: word broken across lines: button.secondary-action "simplified"
{
  "states": 288,
  "controlsAudited": 3384,
  "controlIssues": 0,
  "overflowStates": 0,
  "contrastBoxesMeasured": 8778,
  "contrastBoxesInsufficient": 361,
  "contrastFailures": 0,
  "contrastInvalidSlices": 0,
  "contrastUnparsedBoxes": 0,
  "contrastTruncatedPages": 5,
  "textScaleStates": 256,
  "textScaleControls": 3384,
  "textScaleOverflowStates": 0,
  "fontFallback": "wide",
  "axeHardViolations": 0,
  "axeBestPractice": [
    "anon/route-claim-no-such-room@phone: page-has-heading-one"
  ],
  "keyboardFocusChecks": 87,
  "dockFocusChecks": 451,
  "dockPinchScenarios": 4,
  "validationScenarios": 8,
  "sheetCases": 23,
  "failures": 39
}
UI AUDIT FOUND PROBLEMS
done 0
