
> digitable@0.0.0 build
> npm run build --workspaces --if-present


> @digitable/functions@0.0.0 build
> esbuild src/index.ts --bundle --platform=node --target=node22 --format=esm --outfile=dist/index.js --external:firebase-admin --external:firebase-admin/* --external:firebase-functions --external:firebase-functions/*


  dist/index.js  216.6kb

⚡ Done in 13ms

> @digitable/web@0.0.0 build
> vite build

vite v8.3.0 building client environment for production...
transforming...
[32m✓[0m 143 modules transformed.
rendering chunks...
computing gzip size...
[2mdist/[0m[32mindex.html                 [0m[1;2m  0.56 kB[0m[2m │ gzip:   0.33 kB[0m
[2mdist/[0m[2massets/[0m[35mindex-DiUuq_8Z.css  [0m[1;2m 31.39 kB[0m[2m │ gzip:   7.53 kB[0m
[2mdist/[0m[2massets/[0m[36mindex-CkacsA43.js   [0m[33;1m906.86 kB[0m[2m │ gzip: 262.09 kB[0m

✓ built in 470ms
[plugin builtin:vite-reporter] [33;1m
(!) Some chunks are larger than 500 kB after minification. Consider:
- Using dynamic import() to code-split the application
- Use build.rolldownOptions.output.codeSplitting to improve chunking: https://rolldown.rs/reference/OutputOptions.codeSplitting
- Adjust chunk size limit for this warning via build.chunkSizeWarningLimit.[0m
