{
  "states": 208,
  "controlsAudited": 2184,
  "controlIssues": 0,
  "overflowStates": 0,
  "contrastBoxesMeasured": 5229,
  "contrastBoxesInsufficient": 216,
  "contrastFailures": 0,
  "contrastInvalidSlices": 0,
  "contrastUnparsedBoxes": 0,
  "contrastTruncatedPages": 4,
  "textScaleStates": 184,
  "textScaleControls": 2184,
  "textScaleOverflowStates": 0,
  "fontFallback": null,
  "axeHardViolations": 0,
  "axeBestPractice": [],
  "keyboardFocusChecks": 0,
  "dockFocusChecks": 0,
  "dockPinchScenarios": 0,
  "validationScenarios": 0,
  "sheetCases": 0,
  "failures": 0
}
UI AUDIT PASSED
exit 0
