(node:84457) Warning: The 'NO_COLOR' env is ignored due to the 'FORCE_COLOR' env being set.
(Use `node --trace-warnings ...` to show where the warning was created)
{
  "states": 288,
  "controlsAudited": 3400,
  "controlIssues": 0,
  "overflowStates": 0,
  "axeHardViolations": 0,
  "axeBestPractice": [
    "anon/route-claim-no-such-room@phone: page-has-heading-one"
  ],
  "keyboardFocusChecks": 87,
  "dockFocusChecks": 387,
  "dockPinchScenarios": 4,
  "validationScenarios": 8,
  "sheetCases": 23,
  "failures": 0
}
UI AUDIT PASSED
exit 0
