FAIL player/claim-roster@phone-small+text150: word broken across lines: h1 "character"
FAIL player/claim-roster@phone+text150: word broken across lines: h1 "character"
FAIL player/claim-roster@phone-412+text150: word broken across lines: h1 "character"
FAIL player/claim-roster@phone-small+text200: word broken across lines: h1 "character"
FAIL player/claim-roster@phone+text200: word broken across lines: h1 "character"
FAIL player/claim-roster@phone-412+text200: word broken across lines: h1 "character"
{
  "states": 208,
  "controlsAudited": 2312,
  "controlIssues": 0,
  "overflowStates": 0,
  "contrastBoxesMeasured": 5366,
  "contrastBoxesInsufficient": 207,
  "contrastFailures": 0,
  "contrastInvalidSlices": 0,
  "textScaleStates": 184,
  "textScaleControls": 2312,
  "textScaleOverflowStates": 0,
  "fontFallback": "sans",
  "axeHardViolations": 0,
  "axeBestPractice": [],
  "keyboardFocusChecks": 0,
  "dockFocusChecks": 0,
  "dockPinchScenarios": 0,
  "validationScenarios": 0,
  "sheetCases": 0,
  "failures": 6
}
UI AUDIT FOUND PROBLEMS
exit 1
