
> digitable@0.0.0 pretest:emulator
> npm run build --workspace @digitable/functions


> @digitable/functions@0.0.0 build
> esbuild src/index.ts --bundle --platform=node --target=node22 --format=esm --outfile=dist/index.js --external:firebase-admin --external:firebase-admin/* --external:firebase-functions --external:firebase-functions/*


  dist/index.js  216.6kb

⚡ Done in 17ms

> digitable@0.0.0 test:emulator
> firebase emulators:exec --only auth,firestore,database,functions --project demo-digitable "npm run test:emulator --workspaces --if-present"

    at warnOnDeactivatedColors (node:internal/tty:112:13)
    at Object.getColorDepth (node:internal/tty:137:9)
    at Object.shouldColorize (node:internal/util/colors:20:32)
    at Object.refresh (node:internal/util/colors:27:24)
    at node:internal/util/colors:51:16
    at BuiltinModule.compileForInternalLoader (node:internal/bootstrap/realm:398:7)
    at requireBuiltin (node:internal/bootstrap/realm:429:14)
    at node:internal/assert/assertion_error:23:16
    at BuiltinModule.compileForInternalLoader (node:internal/bootstrap/realm:398:7)
    at requireBuiltin (node:internal/bootstrap/realm:429:14)
i  emulators: Starting emulators: auth, functions, firestore, database
i  emulators: Detected demo project ID "demo-digitable", emulated services will use a demo configuration and attempts to access non-emulated services for this project will fail.
⚠  emulators: It seems that you are running multiple instances of the emulator suite for project demo-digitable. This may result in unexpected behavior.
i  firestore: Firestore Emulator logging to firestore-debug.log
✔  firestore: Firestore Emulator was started in standard edition.
✔  firestore: Firestore Emulator UI websocket is running on 43081.
i  database: Database Emulator logging to database-debug.log
i  functions: Watching "/private/tmp/digitable-em-emu-clone-20261004/apps/functions" for Cloud Functions...
⚠  functions: Your requested "node" version "22" doesn't match your global version "24". Using node@24 from host.
Serving at port 8206

✔  functions: Loaded functions definitions from source: admitMember, claimSeat, createRoom, recoverSeat, submitRoomCommand.
✔  functions[us-west1-admitMember]: http function initialized (http://127.0.0.1:43001/demo-digitable/us-west1/admitMember).
✔  functions[us-west1-claimSeat]: http function initialized (http://127.0.0.1:43001/demo-digitable/us-west1/claimSeat).
✔  functions[us-west1-createRoom]: http function initialized (http://127.0.0.1:43001/demo-digitable/us-west1/createRoom).
✔  functions[us-west1-recoverSeat]: http function initialized (http://127.0.0.1:43001/demo-digitable/us-west1/recoverSeat).
✔  functions[us-west1-submitRoomCommand]: http function initialized (http://127.0.0.1:43001/demo-digitable/us-west1/submitRoomCommand).
i  Running script: npm run test:emulator --workspaces --if-present

> @digitable/testing@0.0.0 test:emulator
> vitest run --config vitest.emulator.config.ts


 RUN  v5.0.0 /private/tmp/digitable-em-emu-clone-20261004/packages/testing


 Test Files  2 passed (2)
      Tests  18 passed (18)
   Start at  11:06:16
   Duration  2.42s (tests 92%, import 6%, transform 1%)


> @digitable/functions@0.0.0 test:emulator
> vitest run --config vitest.emulator.config.ts


 RUN  v5.0.0 /private/tmp/digitable-em-emu-clone-20261004/apps/functions


 Test Files  4 passed (4)
      Tests  86 passed (86)
   Start at  11:06:18
   Duration  19.19s (tests 95%, import 4%, transform 1%)


> @digitable/web@0.0.0 test:emulator
> vitest run --config vitest.emulator.config.ts


 RUN  v5.0.0 /private/tmp/digitable-em-emu-clone-20261004/apps/web

i  functions: Beginning execution of "us-west1-createRoom"
>  {"verifications":{"app":"MISSING","auth":"VALID"},"logging.googleapis.com/labels":{"firebase-log-type":"callable-request-verification"},"severity":"DEBUG","message":"Callable request verification passed"}
>  {"function":"createRoom","severity":"WARNING","message":"admission.appCheckMissing"}
i  functions: Finished "us-west1-createRoom" in 104.240917ms
i  functions: Beginning execution of "us-west1-admitMember"
>  {"verifications":{"app":"MISSING","auth":"VALID"},"logging.googleapis.com/labels":{"firebase-log-type":"callable-request-verification"},"severity":"DEBUG","message":"Callable request verification passed"}
>  {"function":"admitMember","severity":"WARNING","message":"admission.appCheckMissing"}
i  functions: Finished "us-west1-admitMember" in 133.491709ms
i  functions: Beginning execution of "us-west1-submitRoomCommand"
>  {"verifications":{"app":"MISSING","auth":"VALID"},"logging.googleapis.com/labels":{"firebase-log-type":"callable-request-verification"},"severity":"DEBUG","message":"Callable request verification passed"}
>  {"function":"submitRoomCommand","severity":"INFO","message":"gameCommand.appCheckMissing"}
>  {"commandId":"d44424b0-b91d-4a30-ad02-74cf8a0c97a0","roomIdHash":"c37756c92bd0dc5b","status":"accepted","code":"accepted","latencyMs":"76","severity":"INFO","message":"gameCommand.result"}
i  functions: Finished "us-west1-submitRoomCommand" in 80.867083ms
i  functions: Beginning execution of "us-west1-submitRoomCommand"
>  {"verifications":{"app":"MISSING","auth":"VALID"},"logging.googleapis.com/labels":{"firebase-log-type":"callable-request-verification"},"severity":"DEBUG","message":"Callable request verification passed"}
>  {"function":"submitRoomCommand","severity":"INFO","message":"gameCommand.appCheckMissing"}
>  {"commandId":"e6ca3754-3de6-4f19-a509-6151d5efb35e","roomIdHash":"c37756c92bd0dc5b","status":"accepted","code":"accepted","latencyMs":"22","severity":"INFO","message":"gameCommand.result"}
i  functions: Finished "us-west1-submitRoomCommand" in 23.165083ms
i  functions: Beginning execution of "us-west1-submitRoomCommand"
>  {"verifications":{"app":"MISSING","auth":"VALID"},"logging.googleapis.com/labels":{"firebase-log-type":"callable-request-verification"},"severity":"DEBUG","message":"Callable request verification passed"}
>  {"function":"submitRoomCommand","severity":"INFO","message":"gameCommand.appCheckMissing"}
>  {"commandId":"5d6f0709-2399-42b8-b3ee-52c318abc9b9","roomIdHash":"c37756c92bd0dc5b","status":"accepted","code":"accepted","latencyMs":"15","severity":"INFO","message":"gameCommand.result"}
i  functions: Finished "us-west1-submitRoomCommand" in 17.05175ms
i  functions: Beginning execution of "us-west1-admitMember"
>  {"verifications":{"app":"MISSING","auth":"VALID"},"logging.googleapis.com/labels":{"firebase-log-type":"callable-request-verification"},"severity":"DEBUG","message":"Callable request verification passed"}
>  {"function":"admitMember","severity":"WARNING","message":"admission.appCheckMissing"}
>  {"function":"admitMember","code":"ROOM_NOT_FOUND","severity":"INFO","message":"admission.denied"}
i  functions: Finished "us-west1-admitMember" in 31.38275ms
i  functions: Beginning execution of "us-west1-createRoom"
>  {"verifications":{"app":"MISSING","auth":"VALID"},"logging.googleapis.com/labels":{"firebase-log-type":"callable-request-verification"},"severity":"DEBUG","message":"Callable request verification passed"}
>  {"function":"createRoom","severity":"WARNING","message":"admission.appCheckMissing"}
i  functions: Finished "us-west1-createRoom" in 54.338584ms
i  functions: Beginning execution of "us-west1-admitMember"
>  {"verifications":{"app":"MISSING","auth":"VALID"},"logging.googleapis.com/labels":{"firebase-log-type":"callable-request-verification"},"severity":"DEBUG","message":"Callable request verification passed"}
>  {"function":"admitMember","severity":"WARNING","message":"admission.appCheckMissing"}
i  functions: Finished "us-west1-admitMember" in 55.63125ms
i  functions: Beginning execution of "us-west1-recoverSeat"
>  {"verifications":{"app":"MISSING","auth":"VALID"},"logging.googleapis.com/labels":{"firebase-log-type":"callable-request-verification"},"severity":"DEBUG","message":"Callable request verification passed"}
>  {"function":"recoverSeat","severity":"WARNING","message":"admission.appCheckMissing"}
i  functions: Finished "us-west1-recoverSeat" in 131.060917ms
i  functions: Beginning execution of "us-west1-recoverSeat"
>  {"verifications":{"app":"MISSING","auth":"VALID"},"logging.googleapis.com/labels":{"firebase-log-type":"callable-request-verification"},"severity":"DEBUG","message":"Callable request verification passed"}
>  {"function":"recoverSeat","severity":"WARNING","message":"admission.appCheckMissing"}
>  {"function":"recoverSeat","code":"INVALID_RECOVERY_CODE","severity":"INFO","message":"admission.denied"}
i  functions: Finished "us-west1-recoverSeat" in 72.362ms
i  functions: Beginning execution of "us-west1-createRoom"
>  {"verifications":{"app":"MISSING","auth":"VALID"},"logging.googleapis.com/labels":{"firebase-log-type":"callable-request-verification"},"severity":"DEBUG","message":"Callable request verification passed"}
>  {"function":"createRoom","severity":"WARNING","message":"admission.appCheckMissing"}
i  functions: Finished "us-west1-createRoom" in 49.344625ms

 Test Files  1 passed (1)
      Tests  4 passed (4)
   Start at  11:06:38
   Duration  3.61s (tests 93%, import 4%, transform 3%)

✔  Script exited successfully (code 0)
i  emulators: Shutting down emulators.
i  functions: Stopping Functions Emulator
i  database: Stopping Database Emulator
i  firestore: Stopping Firestore Emulator
i  auth: Stopping Authentication Emulator
i  eventarc: Stopping Eventarc Emulator
i  tasks: Stopping Cloud Tasks Emulator
i  hub: Stopping emulator hub
i  logging: Stopping Logging Emulator
exit 0
