{
  "states": 288,
  "controlsAudited": 3192,
  "controlIssues": 0,
  "overflowStates": 0,
  "contrastBoxesMeasured": 8299,
  "contrastBoxesInsufficient": 314,
  "contrastFailures": 0,
  "contrastInvalidSlices": 0,
  "contrastUnparsedBoxes": 0,
  "contrastTruncatedPages": 5,
  "textScaleStates": 256,
  "textScaleControls": 3192,
  "textScaleOverflowStates": 0,
  "fontFallback": null,
  "axeHardViolations": 0,
  "axeBestPractice": [
    "anon/route-claim-no-such-room@phone: page-has-heading-one"
  ],
  "keyboardFocusChecks": 87,
  "dockFocusChecks": 187,
  "dockPinchScenarios": 4,
  "validationScenarios": 8,
  "sheetCases": 23,
  "failures": 0
}
UI AUDIT PASSED
