
> digitable@0.0.0 pretest:emulator
> npm run build --workspace @digitable/functions


> @digitable/functions@0.0.0 build
> esbuild src/index.ts --bundle --platform=node --target=node22 --format=esm --outfile=dist/index.js --external:firebase-admin --external:firebase-admin/* --external:firebase-functions --external:firebase-functions/*


  dist/index.js  216.6kb

⚡ Done in 11ms

> digitable@0.0.0 test:emulator
> firebase emulators:exec --only auth,firestore,database,functions --project demo-digitable "npm run test:emulator --workspaces --if-present"

i  emulators: Starting emulators: auth, functions, firestore, database
i  emulators: Detected demo project ID "demo-digitable", emulated services will use a demo configuration and attempts to access non-emulated services for this project will fail.
⚠  emulators: It seems that you are running multiple instances of the emulator suite for project demo-digitable. This may result in unexpected behavior.
i  firestore: Firestore Emulator logging to firestore-debug.log
✔  firestore: Firestore Emulator was started in standard edition.
✔  firestore: Firestore Emulator UI websocket is running on 44081.
i  database: Database Emulator logging to database-debug.log
i  functions: Watching "/private/tmp/eh-emu-clone/apps/functions" for Cloud Functions...
⚠  functions: Your requested "node" version "22" doesn't match your global version "24". Using node@24 from host.
Serving at port 8740

✔  functions: Loaded functions definitions from source: admitMember, claimSeat, createRoom, recoverSeat, submitRoomCommand.
✔  functions[us-west1-admitMember]: http function initialized (http://127.0.0.1:44001/demo-digitable/us-west1/admitMember).
✔  functions[us-west1-claimSeat]: http function initialized (http://127.0.0.1:44001/demo-digitable/us-west1/claimSeat).
✔  functions[us-west1-createRoom]: http function initialized (http://127.0.0.1:44001/demo-digitable/us-west1/createRoom).
✔  functions[us-west1-recoverSeat]: http function initialized (http://127.0.0.1:44001/demo-digitable/us-west1/recoverSeat).
✔  functions[us-west1-submitRoomCommand]: http function initialized (http://127.0.0.1:44001/demo-digitable/us-west1/submitRoomCommand).
i  Running script: npm run test:emulator --workspaces --if-present

> @digitable/testing@0.0.0 test:emulator
> vitest run --config vitest.emulator.config.ts


 RUN  v5.0.0 /private/tmp/eh-emu-clone/packages/testing


 Test Files  2 passed (2)
      Tests  18 passed (18)
   Start at  06:52:58
   Duration  2.30s (tests 93%, import 5%, transform 1%)


> @digitable/functions@0.0.0 test:emulator
> vitest run --config vitest.emulator.config.ts


 RUN  v5.0.0 /private/tmp/eh-emu-clone/apps/functions


 Test Files  4 passed (4)
      Tests  86 passed (86)
   Start at  06:53:01
   Duration  17.67s (tests 97%, import 2%, transform 1%)


> @digitable/web@0.0.0 test:emulator
> vitest run --config vitest.emulator.config.ts


 RUN  v5.0.0 /private/tmp/eh-emu-clone/apps/web

i  functions: Beginning execution of "us-west1-createRoom"
i  functions: Finished "us-west1-createRoom" in 94.580208ms
i  functions: Beginning execution of "us-west1-admitMember"
i  functions: Finished "us-west1-admitMember" in 109.382208ms
i  functions: Beginning execution of "us-west1-submitRoomCommand"
>  {"commandId":"1d3052cd-8f78-4faf-87c0-067ff3fc08cc","roomIdHash":"c067bed3ae26fd42","status":"accepted","code":"accepted","latencyMs":"70","severity":"INFO","message":"gameCommand.result"}
i  functions: Finished "us-west1-submitRoomCommand" in 75.294458ms
i  functions: Beginning execution of "us-west1-submitRoomCommand"
>  {"commandId":"dd1b6f38-1542-403a-a579-a1c792e1cbd6","roomIdHash":"c067bed3ae26fd42","status":"accepted","code":"accepted","latencyMs":"20","severity":"INFO","message":"gameCommand.result"}
i  functions: Finished "us-west1-submitRoomCommand" in 21.192292ms
i  functions: Beginning execution of "us-west1-submitRoomCommand"
>  {"commandId":"d8198608-cc52-44e8-89e5-c9be041bddfc","roomIdHash":"c067bed3ae26fd42","status":"accepted","code":"accepted","latencyMs":"16","severity":"INFO","message":"gameCommand.result"}
i  functions: Finished "us-west1-submitRoomCommand" in 17.625208ms
i  functions: Beginning execution of "us-west1-admitMember"
>  {"function":"admitMember","code":"ROOM_NOT_FOUND","severity":"INFO","message":"admission.denied"}
i  functions: Finished "us-west1-admitMember" in 29.624416ms
i  functions: Beginning execution of "us-west1-createRoom"
i  functions: Finished "us-west1-createRoom" in 42.704167ms
i  functions: Beginning execution of "us-west1-admitMember"
i  functions: Finished "us-west1-admitMember" in 50.29625ms
i  functions: Beginning execution of "us-west1-recoverSeat"
i  functions: Finished "us-west1-recoverSeat" in 123.672167ms
i  functions: Beginning execution of "us-west1-recoverSeat"
>  {"function":"recoverSeat","code":"INVALID_RECOVERY_CODE","severity":"INFO","message":"admission.denied"}
i  functions: Finished "us-west1-recoverSeat" in 67.920458ms
i  functions: Beginning execution of "us-west1-createRoom"
i  functions: Finished "us-west1-createRoom" in 36.924333ms

 Test Files  1 passed (1)
      Tests  4 passed (4)
   Start at  06:53:19
   Duration  2.82s (tests 93%, transform 4%, import 3%)

✔  Script exited successfully (code 0)
i  emulators: Shutting down emulators.
i  functions: Stopping Functions Emulator
i  database: Stopping Database Emulator
i  firestore: Stopping Firestore Emulator
i  auth: Stopping Authentication Emulator
i  eventarc: Stopping Eventarc Emulator
i  tasks: Stopping Cloud Tasks Emulator
i  hub: Stopping emulator hub
i  logging: Stopping Logging Emulator
exit 0
