(node:64354) Warning: The 'NO_COLOR' env is ignored due to the 'FORCE_COLOR' env being set.
(Use `node --trace-warnings ...` to show where the warning was created)
FAIL player2/compose@phone-small+text200: word broken across lines: label.gear-option "submachine"
FAIL player2/compose@phone-small+text200: word broken across lines: label.gear-option "Panzerfaust"
FAIL player3/compose@phone-small+text150: word broken across lines: label.gear-option "Phantasmagoria"
FAIL player3/compose@phone-small+text200: word broken across lines: label.gear-option "Phantasmagoria"
FAIL player3/compose@phone+text200: word broken across lines: label.gear-option "Phantasmagoria"
FAIL player5/compose@phone-small+text200: word broken across lines: label.gear-option "Fragmentation"
{
  "states": 288,
  "controlsAudited": 3320,
  "controlIssues": 0,
  "overflowStates": 0,
  "contrastBoxesMeasured": 8462,
  "contrastBoxesInsufficient": 330,
  "contrastFailures": 0,
  "contrastInvalidSlices": 0,
  "contrastUnparsedBoxes": 0,
  "contrastTruncatedPages": 5,
  "textScaleStates": 256,
  "textScaleControls": 3320,
  "textScaleOverflowStates": 0,
  "fontFallback": null,
  "axeHardViolations": 0,
  "axeBestPractice": [
    "anon/route-claim-no-such-room@phone: page-has-heading-one"
  ],
  "keyboardFocusChecks": 87,
  "dockFocusChecks": 363,
  "dockPinchScenarios": 4,
  "validationScenarios": 8,
  "sheetCases": 23,
  "failures": 6
}
UI AUDIT FOUND PROBLEMS
exit 1
