(node:77707) Warning: The 'NO_COLOR' env is ignored due to the 'FORCE_COLOR' env being set.
(Use `node --trace-warnings ...` to show where the warning was created)
{
  "states": 288,
  "controlsAudited": 3336,
  "controlIssues": 0,
  "overflowStates": 0,
  "contrastBoxesMeasured": 8440,
  "contrastBoxesInsufficient": 319,
  "contrastFailures": 0,
  "contrastInvalidSlices": 0,
  "contrastUnparsedBoxes": 0,
  "contrastTruncatedPages": 5,
  "textScaleStates": 256,
  "textScaleControls": 3336,
  "textScaleOverflowStates": 0,
  "fontFallback": null,
  "axeHardViolations": 0,
  "axeBestPractice": [
    "anon/route-claim-no-such-room@phone: page-has-heading-one"
  ],
  "keyboardFocusChecks": 87,
  "dockFocusChecks": 385,
  "dockPinchScenarios": 4,
  "validationScenarios": 8,
  "sheetCases": 23,
  "failures": 0
}
UI AUDIT PASSED
