
> digitable@0.0.0 pretest:emulator
> npm run build --workspace @digitable/functions


> @digitable/functions@0.0.0 build
> esbuild src/index.ts --bundle --platform=node --target=node22 --format=esm --outfile=dist/index.js --external:firebase-admin --external:firebase-admin/* --external:firebase-functions --external:firebase-functions/*


  dist/index.js  216.6kb

⚡ Done in 7ms

> digitable@0.0.0 test:emulator
> firebase emulators:exec --only auth,firestore,database,functions --project demo-digitable "npm run test:emulator --workspaces --if-present"

(node:77167) Warning: The 'NO_COLOR' env is ignored due to the 'FORCE_COLOR' env being set.
(Use `node --trace-warnings ...` to show where the warning was created)
Warning: The 'NO_COLOR' env is ignored due to the 'FORCE_COLOR' env being set.
    at warnOnDeactivatedColors (node:internal/tty:112:13)
    at Object.getColorDepth (node:internal/tty:137:9)
    at Object.shouldColorize (node:internal/util/colors:20:32)
    at Object.refresh (node:internal/util/colors:27:24)
    at node:internal/util/colors:51:16
    at BuiltinModule.compileForInternalLoader (node:internal/bootstrap/realm:398:7)
    at requireBuiltin (node:internal/bootstrap/realm:429:14)
    at node:internal/assert/assertion_error:23:16
    at BuiltinModule.compileForInternalLoader (node:internal/bootstrap/realm:398:7)
    at requireBuiltin (node:internal/bootstrap/realm:429:14)
i  emulators: Starting emulators: auth, functions, firestore, database
i  emulators: Detected demo project ID "demo-digitable", emulated services will use a demo configuration and attempts to access non-emulated services for this project will fail.
⚠  emulators: It seems that you are running multiple instances of the emulator suite for project demo-digitable. This may result in unexpected behavior.
⚠  eventarc: Eventarc Emulator unable to start on port 9299, starting on 9300 instead.
⚠  tasks: Cloud Tasks Emulator unable to start on port 9499, starting on 9500 instead.
i  firestore: Firestore Emulator logging to firestore-debug.log
✔  firestore: Firestore Emulator was started in standard edition.
✔  firestore: Firestore Emulator UI websocket is running on 9151.
i  database: Database Emulator logging to database-debug.log
i  functions: Watching "/private/tmp/dz-clone/apps/functions" for Cloud Functions...
⚠  functions: Your requested "node" version "22" doesn't match your global version "24". Using node@24 from host.
Serving at port 8673

✔  functions: Loaded functions definitions from source: admitMember, claimSeat, createRoom, recoverSeat, submitRoomCommand.
✔  functions[us-west1-admitMember]: http function initialized (http://127.0.0.1:62001/demo-digitable/us-west1/admitMember).
✔  functions[us-west1-claimSeat]: http function initialized (http://127.0.0.1:62001/demo-digitable/us-west1/claimSeat).
✔  functions[us-west1-createRoom]: http function initialized (http://127.0.0.1:62001/demo-digitable/us-west1/createRoom).
✔  functions[us-west1-recoverSeat]: http function initialized (http://127.0.0.1:62001/demo-digitable/us-west1/recoverSeat).
✔  functions[us-west1-submitRoomCommand]: http function initialized (http://127.0.0.1:62001/demo-digitable/us-west1/submitRoomCommand).
i  Running script: npm run test:emulator --workspaces --if-present

> @digitable/testing@0.0.0 test:emulator
> vitest run --config vitest.emulator.config.ts

(node:77260) Warning: The 'NO_COLOR' env is ignored due to the 'FORCE_COLOR' env being set.
(Use `node --trace-warnings ...` to show where the warning was created)

 RUN  v5.0.0 /private/tmp/dz-clone/packages/testing

(node:77261) Warning: The 'NO_COLOR' env is ignored due to the 'FORCE_COLOR' env being set.
(Use `node --trace-warnings ...` to show where the warning was created)
(node:77262) Warning: The 'NO_COLOR' env is ignored due to the 'FORCE_COLOR' env being set.
(Use `node --trace-warnings ...` to show where the warning was created)

 Test Files  2 passed (2)
      Tests  18 passed (18)
   Start at  18:19:11
   Duration  2.16s (tests 95%, import 4%, transform 1%)


> @digitable/functions@0.0.0 test:emulator
> vitest run --config vitest.emulator.config.ts

(node:77281) Warning: The 'NO_COLOR' env is ignored due to the 'FORCE_COLOR' env being set.
(Use `node --trace-warnings ...` to show where the warning was created)

 RUN  v5.0.0 /private/tmp/dz-clone/apps/functions

(node:77285) Warning: The 'NO_COLOR' env is ignored due to the 'FORCE_COLOR' env being set.
(Use `node --trace-warnings ...` to show where the warning was created)
(node:77283) Warning: The 'NO_COLOR' env is ignored due to the 'FORCE_COLOR' env being set.
(Use `node --trace-warnings ...` to show where the warning was created)
(node:77282) Warning: The 'NO_COLOR' env is ignored due to the 'FORCE_COLOR' env being set.
(Use `node --trace-warnings ...` to show where the warning was created)
(node:77284) Warning: The 'NO_COLOR' env is ignored due to the 'FORCE_COLOR' env being set.
(Use `node --trace-warnings ...` to show where the warning was created)
(node:77284) MetadataLookupWarning: received unexpected error = All promises were rejected code = ETIMEDOUT, ENOTFOUND
(node:77282) MetadataLookupWarning: received unexpected error = All promises were rejected code = ETIMEDOUT, ENOTFOUND
(node:77285) MetadataLookupWarning: received unexpected error = All promises were rejected code = ETIMEDOUT, ENOTFOUND
(node:77283) MetadataLookupWarning: received unexpected error = All promises were rejected code = ETIMEDOUT, ENOTFOUND

 Test Files  4 passed (4)
      Tests  86 passed (86)
   Start at  18:19:14
   Duration  20.63s (tests 98%, import 1%, transform 1%)


> @digitable/web@0.0.0 test:emulator
> vitest run --config vitest.emulator.config.ts

(node:77560) Warning: The 'NO_COLOR' env is ignored due to the 'FORCE_COLOR' env being set.
(Use `node --trace-warnings ...` to show where the warning was created)

 RUN  v5.0.0 /private/tmp/dz-clone/apps/web

(node:77561) Warning: The 'NO_COLOR' env is ignored due to the 'FORCE_COLOR' env being set.
(Use `node --trace-warnings ...` to show where the warning was created)
>  (node:77562) Warning: The 'NO_COLOR' env is ignored due to the 'FORCE_COLOR' env being set.
>  (Use `node --trace-warnings ...` to show where the warning was created)
i  functions: Beginning execution of "us-west1-createRoom"
>  {"verifications":{"app":"MISSING","auth":"VALID"},"logging.googleapis.com/labels":{"firebase-log-type":"callable-request-verification"},"severity":"DEBUG","message":"Callable request verification passed"}
>  {"function":"createRoom","severity":"WARNING","message":"admission.appCheckMissing"}
i  functions: Finished "us-west1-createRoom" in 89.717292ms
>  (node:77565) Warning: The 'NO_COLOR' env is ignored due to the 'FORCE_COLOR' env being set.
>  (Use `node --trace-warnings ...` to show where the warning was created)
i  functions: Beginning execution of "us-west1-admitMember"
>  {"verifications":{"app":"MISSING","auth":"VALID"},"logging.googleapis.com/labels":{"firebase-log-type":"callable-request-verification"},"severity":"DEBUG","message":"Callable request verification passed"}
>  {"function":"admitMember","severity":"WARNING","message":"admission.appCheckMissing"}
i  functions: Finished "us-west1-admitMember" in 109.102084ms
>  (node:77566) Warning: The 'NO_COLOR' env is ignored due to the 'FORCE_COLOR' env being set.
>  (Use `node --trace-warnings ...` to show where the warning was created)
i  functions: Beginning execution of "us-west1-submitRoomCommand"
>  {"verifications":{"app":"MISSING","auth":"VALID"},"logging.googleapis.com/labels":{"firebase-log-type":"callable-request-verification"},"severity":"DEBUG","message":"Callable request verification passed"}
>  {"function":"submitRoomCommand","severity":"INFO","message":"gameCommand.appCheckMissing"}
>  {"commandId":"797dfda8-661a-4c9b-9de4-694424746d72","roomIdHash":"47506dbdbd033205","status":"accepted","code":"accepted","latencyMs":"68","severity":"INFO","message":"gameCommand.result"}
i  functions: Finished "us-west1-submitRoomCommand" in 72.802708ms
i  functions: Beginning execution of "us-west1-submitRoomCommand"
>  {"verifications":{"app":"MISSING","auth":"VALID"},"logging.googleapis.com/labels":{"firebase-log-type":"callable-request-verification"},"severity":"DEBUG","message":"Callable request verification passed"}
>  {"function":"submitRoomCommand","severity":"INFO","message":"gameCommand.appCheckMissing"}
>  {"commandId":"3bbf6445-d765-43f8-b1d2-017f7f0d0146","roomIdHash":"47506dbdbd033205","status":"accepted","code":"accepted","latencyMs":"19","severity":"INFO","message":"gameCommand.result"}
i  functions: Finished "us-west1-submitRoomCommand" in 20.589125ms
i  functions: Beginning execution of "us-west1-submitRoomCommand"
>  {"verifications":{"app":"MISSING","auth":"VALID"},"logging.googleapis.com/labels":{"firebase-log-type":"callable-request-verification"},"severity":"DEBUG","message":"Callable request verification passed"}
>  {"function":"submitRoomCommand","severity":"INFO","message":"gameCommand.appCheckMissing"}
>  {"commandId":"7e8477e7-3e75-4cc5-a40d-46474f8f1308","roomIdHash":"47506dbdbd033205","status":"accepted","code":"accepted","latencyMs":"17","severity":"INFO","message":"gameCommand.result"}
i  functions: Finished "us-west1-submitRoomCommand" in 17.778792ms
i  functions: Beginning execution of "us-west1-admitMember"
>  {"verifications":{"app":"MISSING","auth":"VALID"},"logging.googleapis.com/labels":{"firebase-log-type":"callable-request-verification"},"severity":"DEBUG","message":"Callable request verification passed"}
>  {"function":"admitMember","severity":"WARNING","message":"admission.appCheckMissing"}
>  {"function":"admitMember","code":"ROOM_NOT_FOUND","severity":"INFO","message":"admission.denied"}
i  functions: Finished "us-west1-admitMember" in 29.628583ms
i  functions: Beginning execution of "us-west1-createRoom"
>  {"verifications":{"app":"MISSING","auth":"VALID"},"logging.googleapis.com/labels":{"firebase-log-type":"callable-request-verification"},"severity":"DEBUG","message":"Callable request verification passed"}
>  {"function":"createRoom","severity":"WARNING","message":"admission.appCheckMissing"}
i  functions: Finished "us-west1-createRoom" in 37.081ms
i  functions: Beginning execution of "us-west1-admitMember"
>  {"verifications":{"app":"MISSING","auth":"VALID"},"logging.googleapis.com/labels":{"firebase-log-type":"callable-request-verification"},"severity":"DEBUG","message":"Callable request verification passed"}
>  {"function":"admitMember","severity":"WARNING","message":"admission.appCheckMissing"}
i  functions: Finished "us-west1-admitMember" in 50.357625ms
>  (node:77570) Warning: The 'NO_COLOR' env is ignored due to the 'FORCE_COLOR' env being set.
>  (Use `node --trace-warnings ...` to show where the warning was created)
i  functions: Beginning execution of "us-west1-recoverSeat"
>  {"verifications":{"app":"MISSING","auth":"VALID"},"logging.googleapis.com/labels":{"firebase-log-type":"callable-request-verification"},"severity":"DEBUG","message":"Callable request verification passed"}
>  {"function":"recoverSeat","severity":"WARNING","message":"admission.appCheckMissing"}
i  functions: Finished "us-west1-recoverSeat" in 123.298ms
i  functions: Beginning execution of "us-west1-recoverSeat"
>  {"verifications":{"app":"MISSING","auth":"VALID"},"logging.googleapis.com/labels":{"firebase-log-type":"callable-request-verification"},"severity":"DEBUG","message":"Callable request verification passed"}
>  {"function":"recoverSeat","severity":"WARNING","message":"admission.appCheckMissing"}
>  {"function":"recoverSeat","code":"INVALID_RECOVERY_CODE","severity":"INFO","message":"admission.denied"}
i  functions: Finished "us-west1-recoverSeat" in 70.05875ms
i  functions: Beginning execution of "us-west1-createRoom"
>  {"verifications":{"app":"MISSING","auth":"VALID"},"logging.googleapis.com/labels":{"firebase-log-type":"callable-request-verification"},"severity":"DEBUG","message":"Callable request verification passed"}
>  {"function":"createRoom","severity":"WARNING","message":"admission.appCheckMissing"}
i  functions: Finished "us-west1-createRoom" in 38.241083ms

 Test Files  1 passed (1)
      Tests  4 passed (4)
   Start at  18:19:34
   Duration  2.78s (tests 94%, transform 3%, import 3%)

✔  Script exited successfully (code 0)
i  emulators: Shutting down emulators.
i  functions: Stopping Functions Emulator
i  database: Stopping Database Emulator
i  firestore: Stopping Firestore Emulator
i  auth: Stopping Authentication Emulator
i  eventarc: Stopping Eventarc Emulator
i  tasks: Stopping Cloud Tasks Emulator
i  hub: Stopping emulator hub
i  logging: Stopping Logging Emulator
