
> digitable@0.0.0 pretest:emulator
> npm run build --workspace @digitable/functions


> @digitable/functions@0.0.0 build
> esbuild src/index.ts --bundle --platform=node --target=node22 --format=esm --outfile=dist/index.js --external:firebase-admin --external:firebase-admin/* --external:firebase-functions --external:firebase-functions/*


  dist/index.js  216.6kb

⚡ Done in 14ms

> digitable@0.0.0 test:emulator
> firebase emulators:exec --only auth,firestore,database,functions --project demo-digitable "npm run test:emulator --workspaces --if-present"

(node:76409) Warning: The 'NO_COLOR' env is ignored due to the 'FORCE_COLOR' env being set.
(Use `node --trace-warnings ...` to show where the warning was created)
Warning: The 'NO_COLOR' env is ignored due to the 'FORCE_COLOR' env being set.
    at warnOnDeactivatedColors (node:internal/tty:112:13)
    at Object.getColorDepth (node:internal/tty:137:9)
    at Object.shouldColorize (node:internal/util/colors:20:32)
    at Object.refresh (node:internal/util/colors:27:24)
    at node:internal/util/colors:51:16
    at BuiltinModule.compileForInternalLoader (node:internal/bootstrap/realm:398:7)
    at requireBuiltin (node:internal/bootstrap/realm:429:14)
    at node:internal/assert/assertion_error:23:16
    at BuiltinModule.compileForInternalLoader (node:internal/bootstrap/realm:398:7)
    at requireBuiltin (node:internal/bootstrap/realm:429:14)
i  emulators: Starting emulators: auth, functions, firestore, database
i  emulators: Detected demo project ID "demo-digitable", emulated services will use a demo configuration and attempts to access non-emulated services for this project will fail.
⚠  emulators: It seems that you are running multiple instances of the emulator suite for project demo-digitable. This may result in unexpected behavior.
⚠  eventarc: Eventarc Emulator unable to start on port 9299, starting on 9300 instead.
⚠  tasks: Cloud Tasks Emulator unable to start on port 9499, starting on 9500 instead.
i  firestore: Firestore Emulator logging to firestore-debug.log
✔  firestore: Firestore Emulator was started in standard edition.
✔  firestore: Firestore Emulator UI websocket is running on 9151.
i  database: Database Emulator logging to database-debug.log
i  functions: Watching "/private/tmp/dz-clone/apps/functions" for Cloud Functions...
⚠  functions: Your requested "node" version "22" doesn't match your global version "24". Using node@24 from host.
Serving at port 8654

✔  functions: Loaded functions definitions from source: admitMember, claimSeat, createRoom, recoverSeat, submitRoomCommand.
✔  functions[us-west1-admitMember]: http function initialized (http://127.0.0.1:62001/demo-digitable/us-west1/admitMember).
✔  functions[us-west1-claimSeat]: http function initialized (http://127.0.0.1:62001/demo-digitable/us-west1/claimSeat).
✔  functions[us-west1-createRoom]: http function initialized (http://127.0.0.1:62001/demo-digitable/us-west1/createRoom).
✔  functions[us-west1-recoverSeat]: http function initialized (http://127.0.0.1:62001/demo-digitable/us-west1/recoverSeat).
✔  functions[us-west1-submitRoomCommand]: http function initialized (http://127.0.0.1:62001/demo-digitable/us-west1/submitRoomCommand).
i  Running script: npm run test:emulator --workspaces --if-present

> @digitable/testing@0.0.0 test:emulator
> vitest run --config vitest.emulator.config.ts

(node:76518) Warning: The 'NO_COLOR' env is ignored due to the 'FORCE_COLOR' env being set.
(Use `node --trace-warnings ...` to show where the warning was created)

 RUN  v5.0.0 /private/tmp/dz-clone/packages/testing

(node:76519) Warning: The 'NO_COLOR' env is ignored due to the 'FORCE_COLOR' env being set.
(Use `node --trace-warnings ...` to show where the warning was created)
(node:76520) Warning: The 'NO_COLOR' env is ignored due to the 'FORCE_COLOR' env being set.
(Use `node --trace-warnings ...` to show where the warning was created)

 Test Files  2 passed (2)
      Tests  18 passed (18)
   Start at  18:18:25
   Duration  2.20s (tests 93%, import 6%, transform 1%)


> @digitable/functions@0.0.0 test:emulator
> vitest run --config vitest.emulator.config.ts

(node:76543) Warning: The 'NO_COLOR' env is ignored due to the 'FORCE_COLOR' env being set.
(Use `node --trace-warnings ...` to show where the warning was created)

 RUN  v5.0.0 /private/tmp/dz-clone/apps/functions

(node:76547) Warning: The 'NO_COLOR' env is ignored due to the 'FORCE_COLOR' env being set.
(Use `node --trace-warnings ...` to show where the warning was created)
(node:76545) Warning: The 'NO_COLOR' env is ignored due to the 'FORCE_COLOR' env being set.
(Use `node --trace-warnings ...` to show where the warning was created)
(node:76544) Warning: The 'NO_COLOR' env is ignored due to the 'FORCE_COLOR' env being set.
(Use `node --trace-warnings ...` to show where the warning was created)
(node:76546) Warning: The 'NO_COLOR' env is ignored due to the 'FORCE_COLOR' env being set.
(Use `node --trace-warnings ...` to show where the warning was created)
(node:76545) MetadataLookupWarning: received unexpected error = All promises were rejected code = ETIMEDOUT, ENOTFOUND
(node:76544) MetadataLookupWarning: received unexpected error = All promises were rejected code = ETIMEDOUT, ENOTFOUND
(node:76546) MetadataLookupWarning: received unexpected error = All promises were rejected code = ETIMEDOUT, ENOTFOUND
(node:76547) MetadataLookupWarning: received unexpected error = All promises were rejected code = ETIMEDOUT, ENOTFOUND
 ❯ test-emulator/createRoom.test.ts (18 tests | 1 failed) 9401ms
   ❯ createRoom (apps/functions, board task A03) (18)
     ❯ collision safety (board task A03: 'collision') (2)
       × regenerates the room code when the first candidate is already taken 3070ms

⎯⎯⎯⎯⎯⎯⎯ Failed Tests 1 ⎯⎯⎯⎯⎯⎯⎯

 FAIL  test-emulator/createRoom.test.ts > createRoom (apps/functions, board task A03) > collision safety (board task A03: 'collision') > regenerates the room code when the first candidate is already taken
AssertionError: expected 'FALLBACK-mutb9a0h-3' to be 'FREE1-mutb9a0h' // Object.is equality

Expected: "FREE1-mutb9a0h"
Received: "FALLBACK-mutb9a0h-3"

 ❯ test-emulator/createRoom.test.ts:243:29
    241|       const result = await createRoom(db, "uid-collision-1", createInp…
    242|       const seat = accepted(result);
    243|       expect(seat.roomCode).toBe(`FREE1-${RUN}`);
       |                             ^
    244|       expect(calls).toBe(2);
    245|     });

⎯⎯⎯⎯⎯⎯⎯⎯⎯⎯⎯⎯⎯⎯⎯⎯⎯⎯⎯⎯⎯⎯⎯⎯[1/1]⎯


 Test Files  1 failed | 3 passed (4)
      Tests  1 failed | 85 passed (86)
   Start at  18:18:27
   Duration  25.34s (tests 98%, import 1%, transform 1%)

npm error Lifecycle script `test:emulator` failed with error:
npm error code 1
npm error path /private/tmp/dz-clone/apps/functions
npm error workspace @digitable/functions@0.0.0
npm error location /private/tmp/dz-clone/apps/functions
npm error command failed
npm error command sh -c vitest run --config vitest.emulator.config.ts


> @digitable/web@0.0.0 test:emulator
> vitest run --config vitest.emulator.config.ts

(node:76841) Warning: The 'NO_COLOR' env is ignored due to the 'FORCE_COLOR' env being set.
(Use `node --trace-warnings ...` to show where the warning was created)

 RUN  v5.0.0 /private/tmp/dz-clone/apps/web

(node:76842) Warning: The 'NO_COLOR' env is ignored due to the 'FORCE_COLOR' env being set.
(Use `node --trace-warnings ...` to show where the warning was created)
>  (node:76843) Warning: The 'NO_COLOR' env is ignored due to the 'FORCE_COLOR' env being set.
>  (Use `node --trace-warnings ...` to show where the warning was created)
i  functions: Beginning execution of "us-west1-createRoom"
>  {"verifications":{"app":"MISSING","auth":"VALID"},"logging.googleapis.com/labels":{"firebase-log-type":"callable-request-verification"},"severity":"DEBUG","message":"Callable request verification passed"}
>  {"function":"createRoom","severity":"WARNING","message":"admission.appCheckMissing"}
i  functions: Finished "us-west1-createRoom" in 88.34525ms
>  (node:76844) Warning: The 'NO_COLOR' env is ignored due to the 'FORCE_COLOR' env being set.
>  (Use `node --trace-warnings ...` to show where the warning was created)
i  functions: Beginning execution of "us-west1-admitMember"
>  {"verifications":{"app":"MISSING","auth":"VALID"},"logging.googleapis.com/labels":{"firebase-log-type":"callable-request-verification"},"severity":"DEBUG","message":"Callable request verification passed"}
>  {"function":"admitMember","severity":"WARNING","message":"admission.appCheckMissing"}
i  functions: Finished "us-west1-admitMember" in 108.426792ms
>  (node:76845) Warning: The 'NO_COLOR' env is ignored due to the 'FORCE_COLOR' env being set.
>  (Use `node --trace-warnings ...` to show where the warning was created)
i  functions: Beginning execution of "us-west1-submitRoomCommand"
>  {"verifications":{"app":"MISSING","auth":"VALID"},"logging.googleapis.com/labels":{"firebase-log-type":"callable-request-verification"},"severity":"DEBUG","message":"Callable request verification passed"}
>  {"function":"submitRoomCommand","severity":"INFO","message":"gameCommand.appCheckMissing"}
>  {"commandId":"8e7192aa-ab7c-410e-a0e6-b32691b8396d","roomIdHash":"1c7a9ade60b681a8","status":"accepted","code":"accepted","latencyMs":"70","severity":"INFO","message":"gameCommand.result"}
i  functions: Finished "us-west1-submitRoomCommand" in 75.238ms
i  functions: Beginning execution of "us-west1-submitRoomCommand"
>  {"verifications":{"app":"MISSING","auth":"VALID"},"logging.googleapis.com/labels":{"firebase-log-type":"callable-request-verification"},"severity":"DEBUG","message":"Callable request verification passed"}
>  {"function":"submitRoomCommand","severity":"INFO","message":"gameCommand.appCheckMissing"}
>  {"commandId":"4d544d2f-5206-4e22-a3ad-19c32aefbd59","roomIdHash":"1c7a9ade60b681a8","status":"accepted","code":"accepted","latencyMs":"19","severity":"INFO","message":"gameCommand.result"}
i  functions: Finished "us-west1-submitRoomCommand" in 20.846458ms
i  functions: Beginning execution of "us-west1-submitRoomCommand"
>  {"verifications":{"app":"MISSING","auth":"VALID"},"logging.googleapis.com/labels":{"firebase-log-type":"callable-request-verification"},"severity":"DEBUG","message":"Callable request verification passed"}
>  {"function":"submitRoomCommand","severity":"INFO","message":"gameCommand.appCheckMissing"}
>  {"commandId":"2c233cec-d977-4f94-9986-99a4146fa90f","roomIdHash":"1c7a9ade60b681a8","status":"accepted","code":"accepted","latencyMs":"18","severity":"INFO","message":"gameCommand.result"}
i  functions: Finished "us-west1-submitRoomCommand" in 19.576083ms
i  functions: Beginning execution of "us-west1-admitMember"
>  {"verifications":{"app":"MISSING","auth":"VALID"},"logging.googleapis.com/labels":{"firebase-log-type":"callable-request-verification"},"severity":"DEBUG","message":"Callable request verification passed"}
>  {"function":"admitMember","severity":"WARNING","message":"admission.appCheckMissing"}
>  {"function":"admitMember","code":"ROOM_NOT_FOUND","severity":"INFO","message":"admission.denied"}
i  functions: Finished "us-west1-admitMember" in 29.398083ms
i  functions: Beginning execution of "us-west1-createRoom"
>  {"verifications":{"app":"MISSING","auth":"VALID"},"logging.googleapis.com/labels":{"firebase-log-type":"callable-request-verification"},"severity":"DEBUG","message":"Callable request verification passed"}
>  {"function":"createRoom","severity":"WARNING","message":"admission.appCheckMissing"}
i  functions: Finished "us-west1-createRoom" in 39.094875ms
i  functions: Beginning execution of "us-west1-admitMember"
>  {"verifications":{"app":"MISSING","auth":"VALID"},"logging.googleapis.com/labels":{"firebase-log-type":"callable-request-verification"},"severity":"DEBUG","message":"Callable request verification passed"}
>  {"function":"admitMember","severity":"WARNING","message":"admission.appCheckMissing"}
i  functions: Finished "us-west1-admitMember" in 51.2595ms
>  (node:76846) Warning: The 'NO_COLOR' env is ignored due to the 'FORCE_COLOR' env being set.
>  (Use `node --trace-warnings ...` to show where the warning was created)
i  functions: Beginning execution of "us-west1-recoverSeat"
>  {"verifications":{"app":"MISSING","auth":"VALID"},"logging.googleapis.com/labels":{"firebase-log-type":"callable-request-verification"},"severity":"DEBUG","message":"Callable request verification passed"}
>  {"function":"recoverSeat","severity":"WARNING","message":"admission.appCheckMissing"}
i  functions: Finished "us-west1-recoverSeat" in 122.562584ms
i  functions: Beginning execution of "us-west1-recoverSeat"
>  {"verifications":{"app":"MISSING","auth":"VALID"},"logging.googleapis.com/labels":{"firebase-log-type":"callable-request-verification"},"severity":"DEBUG","message":"Callable request verification passed"}
>  {"function":"recoverSeat","severity":"WARNING","message":"admission.appCheckMissing"}
>  {"function":"recoverSeat","code":"INVALID_RECOVERY_CODE","severity":"INFO","message":"admission.denied"}
i  functions: Finished "us-west1-recoverSeat" in 67.091ms
i  functions: Beginning execution of "us-west1-createRoom"
>  {"verifications":{"app":"MISSING","auth":"VALID"},"logging.googleapis.com/labels":{"firebase-log-type":"callable-request-verification"},"severity":"DEBUG","message":"Callable request verification passed"}
>  {"function":"createRoom","severity":"WARNING","message":"admission.appCheckMissing"}
i  functions: Finished "us-west1-createRoom" in 34.254583ms

 Test Files  1 passed (1)
      Tests  4 passed (4)
   Start at  18:18:53
   Duration  2.79s (tests 94%, transform 4%, import 3%)

⚠  Script exited unsuccessfully (code 1)
i  emulators: Shutting down emulators.
i  functions: Stopping Functions Emulator
i  database: Stopping Database Emulator
i  firestore: Stopping Firestore Emulator
i  auth: Stopping Authentication Emulator
i  eventarc: Stopping Eventarc Emulator
i  tasks: Stopping Cloud Tasks Emulator
i  hub: Stopping emulator hub
i  logging: Stopping Logging Emulator

Error: Script "npm run test:emulator --workspaces --if-present" exited with code 1
