
> digitable@0.0.0 build
> npm run build --workspaces --if-present


> @digitable/functions@0.0.0 build
> esbuild src/index.ts --bundle --platform=node --target=node22 --format=esm --outfile=dist/index.js --external:firebase-admin --external:firebase-admin/* --external:firebase-functions --external:firebase-functions/*


  dist/index.js  216.6kb

⚡ Done in 16ms

> @digitable/web@0.0.0 build
> vite build

(node:53391) Warning: The 'NO_COLOR' env is ignored due to the 'FORCE_COLOR' env being set.
(Use `node --trace-warnings ...` to show where the warning was created)
vite v8.3.0 building client environment for production...
transforming...
✓ 143 modules transformed.
rendering chunks...
computing gzip size...
dist/index.html                   0.56 kB │ gzip:   0.33 kB
dist/assets/index-DiUuq_8Z.css   31.39 kB │ gzip:   7.53 kB
dist/assets/index-CkacsA43.js   906.86 kB │ gzip: 262.09 kB

✓ built in 188ms
[plugin builtin:vite-reporter] 
(!) Some chunks are larger than 500 kB after minification. Consider:
- Using dynamic import() to code-split the application
- Use build.rolldownOptions.output.codeSplitting to improve chunking: https://rolldown.rs/reference/OutputOptions.codeSplitting
- Adjust chunk size limit for this warning via build.chunkSizeWarningLimit.
