# sheet-history-probe.mjs, fixed bundle (expect PASS)
PASS A. Back with the sheet open closes only the sheet (same route, console still mounted, no hashchange)
PASS B. The sheet reopens and closes with Back again
PASS C. After Cancel the very next Back leaves the route (no dead entry swallowed it)

# sheet-history-probe.mjs --expect-failures, pre-fix bundle (negative control)
FAIL A. Back with the sheet open closes only the sheet (same route, console still mounted, no hashchange) {"afterA":{"hash":"#/create","dialog":false,"console":false,"reason":null},"hashChanges":1}
negative control: failed as intended

# sheet-viewport-probe.mjs, fixed bundle
PASS phone-landscape 844x390: one live sheet keeps state, containment, reachable actions, focus
PASS tablet 768x1024: one live sheet keeps state, containment, reachable actions, focus
PASS desktop 1280x800: one live sheet keeps state, containment, reachable actions, focus
PASS table 1920x1080: one live sheet keeps state, containment, reachable actions, focus
PASS phone-small 320x568: one live sheet keeps state, containment, reachable actions, focus
PASS phone 390x844: one live sheet keeps state, containment, reachable actions, focus
PASS F. Back with the sheet open closes only the sheet (console still mounted, same route)
PASS E. Escape closes the sheet; the very next Back leaves the route (no dead entry)

# sheet-viewport-probe.mjs, pre-fix bundle (F must fail, all resize steps pass)
PASS phone-landscape 844x390: one live sheet keeps state, containment, reachable actions, focus
PASS tablet 768x1024: one live sheet keeps state, containment, reachable actions, focus
PASS desktop 1280x800: one live sheet keeps state, containment, reachable actions, focus
PASS table 1920x1080: one live sheet keeps state, containment, reachable actions, focus
PASS phone-small 320x568: one live sheet keeps state, containment, reachable actions, focus
PASS phone 390x844: one live sheet keeps state, containment, reachable actions, focus
FAIL F. Back with the sheet open closes only the sheet (console still mounted, same route) {"afterF":{"hash":"#/create","dialog":false,"console":false,"reason":null}}
Error: Back left the route; later scenarios do not apply
